...................................................... [ 15%]
........................................................................ [ 30%]
........................................................................ [ 45%]
.................................................................F...... [ 60%]
........................................................................ [ 76%]
........................................................................ [ 91%]
.........................................                                [100%]
=================================== FAILURES ===================================
_______ test_wheel_excludes_removed_core_modules_from_a_stale_build_tree _______

tmp_path = PosixPath('/tmp/pytest-of-juanbeck/pytest-153/test_wheel_excludes_removed_co0')

    def test_wheel_excludes_removed_core_modules_from_a_stale_build_tree(tmp_path):
        project = tmp_path / 'project'
        project.mkdir()
        for filename in ('README.md', 'package.xml', 'pyproject.toml', 'setup.py'):
            shutil.copy2(REPO_ROOT / filename, project / filename)
        shutil.copytree(REPO_ROOT / 'resource', project / 'resource')
        shutil.copytree(REPO_ROOT / 'src', project / 'src')

        stale_core = project / 'build' / 'lib' / 'ab_harness'
        stale_core.mkdir(parents=True)
        for filename in REMOVED_CORE_MODULES:
            (stale_core / filename).write_text('STALE = True\n', encoding='utf-8')

        wheelhouse = tmp_path / 'wheelhouse'
>       subprocess.run(
            (
                sys.executable,
                '-m',
                'pip',
                'wheel',
                '.',
                '--no-deps',
                '--no-build-isolation',
                '--wheel-dir',
                str(wheelhouse),
            ),
            cwd=project,
            check=True,
            capture_output=True,
            text=True,
        )

tests/test_package_boundaries.py:55:
_ _ _ _ _ _ _ _ _ _ _ _ _ _ _ _ _ _ _ _ _ _ _ _ _ _ _ _ _ _ _ _ _ _ _ _ _ _ _ _

input = None, capture_output = True, timeout = None, check = True
popenargs = (('/home/juanbeck/RESEARCH-GLOBAL/.venv/bin/python', '-m', 'pip', 'wheel', '.', '--no-deps', ...),)
kwargs = {'cwd': PosixPath('/tmp/pytest-of-juanbeck/pytest-153/test_wheel_excludes_removed_co0/project'), 'stderr': -1, 'stdout': -1, 'text': True}
process = <Popen: returncode: 2 args: ('/home/juanbeck/RESEARCH-GLOBAL/.venv/bin/pytho...>
stdout = "Processing /tmp/pytest-of-juanbeck/pytest-153/test_wheel_excludes_removed_co0/project\n  Preparing metadata (pyproject.toml): started\n  Preparing metadata (pyproject.toml): finished with status 'done'\n"
stderr = 'ERROR: Exception:\nTraceback (most recent call last):\n  File "/home/juanbeck/RESEARCH-GLOBAL/.venv/lib/python3.12/si...importlib._bootstrap>", line 1324, in _find_and_load_unlocked\nModuleNotFoundError: No module named \'setuptools\'\n\n'
retcode = 2

    def run(*popenargs,
            input=None, capture_output=False, timeout=None, check=False, **kwargs):
        """Run command with arguments and return a CompletedProcess instance.

        The returned instance will have attributes args, returncode, stdout and
        stderr. By default, stdout and stderr are not captured, and those attributes
        will be None. Pass stdout=PIPE and/or stderr=PIPE in order to capture them,
        or pass capture_output=True to capture both.

        If check is True and the exit code was non-zero, it raises a
        CalledProcessError. The CalledProcessError object will have the return code
        in the returncode attribute, and output & stderr attributes if those streams
        were captured.

        If timeout is given, and the process takes too long, a TimeoutExpired
        exception will be raised.

        There is an optional argument "input", allowing you to
        pass bytes or a string to the subprocess's stdin.  If you use this argument
        you may not also use the Popen constructor's "stdin" argument, as
        it will be used internally.

        By default, all communication is in bytes, and therefore any "input" should
        be bytes, and the stdout and stderr will be bytes. If in text mode, any
        "input" should be a string, and stdout and stderr will be strings decoded
        according to locale encoding, or by "encoding" if set. Text mode is
        triggered by setting any of text, encoding, errors or universal_newlines.

        The other arguments are the same as for the Popen constructor.
        """
        if input is not None:
            if kwargs.get('stdin') is not None:
                raise ValueError('stdin and input arguments may not both be used.')
            kwargs['stdin'] = PIPE

        if capture_output:
            if kwargs.get('stdout') is not None or kwargs.get('stderr') is not None:
                raise ValueError('stdout and stderr arguments may not be used '
                                 'with capture_output.')
            kwargs['stdout'] = PIPE
            kwargs['stderr'] = PIPE

        with Popen(*popenargs, **kwargs) as process:
            try:
                stdout, stderr = process.communicate(input, timeout=timeout)
            except TimeoutExpired as exc:
                process.kill()
                if _mswindows:
                    # Windows accumulates the output in a single blocking
                    # read() call run on child threads, with the timeout
                    # being done in a join() on those threads.  communicate()
                    # _after_ kill() is required to collect that and add it
                    # to the exception.
                    exc.stdout, exc.stderr = process.communicate()
                else:
                    # POSIX _communicate already populated the output so
                    # far into the TimeoutExpired exception.
                    process.wait()
                raise
            except:  # Including KeyboardInterrupt, communicate handled that.
                process.kill()
                # We don't call process.wait() as .__exit__ does that for us.
                raise
            retcode = process.poll()
            if check and retcode:
>               raise CalledProcessError(retcode, process.args,
                                         output=stdout, stderr=stderr)
E               subprocess.CalledProcessError: Command '('/home/juanbeck/RESEARCH-GLOBAL/.venv/bin/python', '-m', 'pip', 'wheel', '.', '--no-deps', '--no-build-isolation', '--wheel-dir', '/tmp/pytest-of-juanbeck/pytest-153/test_wheel_excludes_removed_co0/wheelhouse')' returned non-zero exit status 2.

/usr/lib/python3.12/subprocess.py:571: CalledProcessError
=========================== short test summary info ============================
FAILED tests/test_package_boundaries.py::test_wheel_excludes_removed_core_modules_from_a_stale_build_tree
1 failed, 472 passed in 10.04s
