........................................................................ [ 13%]
.................................................F...................... [ 27%]
........................................................................ [ 40%]
........................................................................ [ 54%]
........F............................................................... [ 67%]
........................................................................ [ 81%]
........................................................................ [ 94%]
............................                                             [100%]
=================================== FAILURES ===================================
_ test_committed_synthetic_o1_runtime_example_is_current_and_explicitly_labeled _

    def test_committed_synthetic_o1_runtime_example_is_current_and_explicitly_labeled():
        rendered = expected_html()

>       assert OUTPUT.read_text(encoding="utf-8") == rendered
E       assert '<!doctype ht...y>\n</html>\n' == '<!doctype ht...y>\n</html>\n'
E
E         Skipping 144971 identical leading characters in diff, use -v to show
E           code></p>
E         -
E         +
E                 <section class="event">
E                 <header><strong>task_started</strong><code>#3</code></header>...
E
E         ...Full output truncated (149 lines hidden), use '-vv' to show

tests/test_agent_runtime_example.py:39: AssertionError
____________ test_committed_o1_example_matches_recorded_nao_canary _____________

    def test_committed_o1_example_matches_recorded_nao_canary():
        rendered = expected_html()

>       assert OUTPUT.read_text(encoding="utf-8") == rendered
E       assert '<!doctype ht...y>\n</html>\n' == '<!doctype ht...y>\n</html>\n'
E
E         Skipping 29343 identical leading characters in diff, use -v to show
E           code></p>
E         -
E         +
E                 <section class="event">
E                 <header><strong>task_started</strong><code>#1</code></header>...
E
E         ...Full output truncated (955 lines hidden), use '-vv' to show

tests/test_observatory.py:498: AssertionError
=========================== short test summary info ============================
FAILED tests/test_agent_runtime_example.py::test_committed_synthetic_o1_runtime_example_is_current_and_explicitly_labeled
FAILED tests/test_observatory.py::test_committed_o1_example_matches_recorded_nao_canary
2 failed, 530 passed in 13.53s
