
==================================== ERRORS ====================================
______________ ERROR collecting tests/test_agent_configuration.py ______________
ImportError while importing test module '/tmp/uah-checkpoint02/candidate/tests/test_agent_configuration.py'.
Hint: make sure your test modules/packages have valid Python names.
Traceback:
/usr/lib/python3.12/importlib/__init__.py:90: in import_module
    return _bootstrap._gcd_import(name[level:], package, level)
           ^^^^^^^^^^^^^^^^^^^^^^^^^^^^^^^^^^^^^^^^^^^^^^^^^^^^
tests/test_agent_configuration.py:6: in <module>
    from ab_harness.agent_configuration import AgentRoleConfiguration
src/ab_harness/__init__.py:17: in <module>
    from ab_harness.model_invocation import ModelInvocationAuthority
src/ab_harness/model_invocation.py:13: in <module>
    from ab_harness.prompt_compiler import CompiledPrompt
src/ab_harness/prompt_compiler.py:16: in <module>
    from ab_harness.task_compiler import CompiledTask
src/ab_harness/task_compiler.py:15: in <module>
    from ab_harness.environment_ingress import TaskIngressDecision
src/ab_harness/environment_ingress.py:14: in <module>
    from ab_harness.task_registry import DuplicateEnvironmentIngressError
E   ImportError: cannot import name 'DuplicateEnvironmentIngressError' from 'ab_harness.task_registry' (/tmp/uah-checkpoint02/candidate/src/ab_harness/task_registry.py)
_____________ ERROR collecting tests/test_agent_runtime_example.py _____________
ImportError while importing test module '/tmp/uah-checkpoint02/candidate/tests/test_agent_runtime_example.py'.
Hint: make sure your test modules/packages have valid Python names.
Traceback:
/usr/lib/python3.12/importlib/__init__.py:90: in import_module
    return _bootstrap._gcd_import(name[level:], package, level)
           ^^^^^^^^^^^^^^^^^^^^^^^^^^^^^^^^^^^^^^^^^^^^^^^^^^^^
tests/test_agent_runtime_example.py:1: in <module>
    from scripts.render_agent_runtime_example import OUTPUT, example_ledger, expected_html
scripts/render_agent_runtime_example.py:36: in <module>
    from ab_harness.environment_ingress import EnvironmentIngress
src/ab_harness/__init__.py:17: in <module>
    from ab_harness.model_invocation import ModelInvocationAuthority
src/ab_harness/model_invocation.py:13: in <module>
    from ab_harness.prompt_compiler import CompiledPrompt
src/ab_harness/prompt_compiler.py:16: in <module>
    from ab_harness.task_compiler import CompiledTask
src/ab_harness/task_compiler.py:15: in <module>
    from ab_harness.environment_ingress import TaskIngressDecision
src/ab_harness/environment_ingress.py:14: in <module>
    from ab_harness.task_registry import DuplicateEnvironmentIngressError
E   ImportError: cannot import name 'DuplicateEnvironmentIngressError' from 'ab_harness.task_registry' (/tmp/uah-checkpoint02/candidate/src/ab_harness/task_registry.py)
__________ ERROR collecting tests/test_argument_schema_validation.py ___________
ImportError while importing test module '/tmp/uah-checkpoint02/candidate/tests/test_argument_schema_validation.py'.
Hint: make sure your test modules/packages have valid Python names.
Traceback:
/usr/lib/python3.12/importlib/__init__.py:90: in import_module
    return _bootstrap._gcd_import(name[level:], package, level)
           ^^^^^^^^^^^^^^^^^^^^^^^^^^^^^^^^^^^^^^^^^^^^^^^^^^^^
tests/test_argument_schema_validation.py:15: in <module>
    from ab_harness.environment_ingress import EnvironmentIngress
src/ab_harness/__init__.py:17: in <module>
    from ab_harness.model_invocation import ModelInvocationAuthority
src/ab_harness/model_invocation.py:13: in <module>
    from ab_harness.prompt_compiler import CompiledPrompt
src/ab_harness/prompt_compiler.py:16: in <module>
    from ab_harness.task_compiler import CompiledTask
src/ab_harness/task_compiler.py:15: in <module>
    from ab_harness.environment_ingress import TaskIngressDecision
src/ab_harness/environment_ingress.py:14: in <module>
    from ab_harness.task_registry import DuplicateEnvironmentIngressError
E   ImportError: cannot import name 'DuplicateEnvironmentIngressError' from 'ab_harness.task_registry' (/tmp/uah-checkpoint02/candidate/src/ab_harness/task_registry.py)
___________________ ERROR collecting tests/test_cli_smoke.py ___________________
ImportError while importing test module '/tmp/uah-checkpoint02/candidate/tests/test_cli_smoke.py'.
Hint: make sure your test modules/packages have valid Python names.
Traceback:
/usr/lib/python3.12/importlib/__init__.py:90: in import_module
    return _bootstrap._gcd_import(name[level:], package, level)
           ^^^^^^^^^^^^^^^^^^^^^^^^^^^^^^^^^^^^^^^^^^^^^^^^^^^^
tests/test_cli_smoke.py:3: in <module>
    from ab_harness_nao.cli import main
src/ab_harness_nao/__init__.py:9: in <module>
    from ab_harness_nao.qualification import NaoQualificationCase
src/ab_harness_nao/qualification.py:15: in <module>
    from ab_harness.domain_lifecycle import DomainLifecycleAdmission
src/ab_harness/__init__.py:17: in <module>
    from ab_harness.model_invocation import ModelInvocationAuthority
src/ab_harness/model_invocation.py:13: in <module>
    from ab_harness.prompt_compiler import CompiledPrompt
src/ab_harness/prompt_compiler.py:16: in <module>
    from ab_harness.task_compiler import CompiledTask
src/ab_harness/task_compiler.py:15: in <module>
    from ab_harness.environment_ingress import TaskIngressDecision
src/ab_harness/environment_ingress.py:14: in <module>
    from ab_harness.task_registry import DuplicateEnvironmentIngressError
E   ImportError: cannot import name 'DuplicateEnvironmentIngressError' from 'ab_harness.task_registry' (/tmp/uah-checkpoint02/candidate/src/ab_harness/task_registry.py)
____________ ERROR collecting tests/test_configuration_identity.py _____________
ImportError while importing test module '/tmp/uah-checkpoint02/candidate/tests/test_configuration_identity.py'.
Hint: make sure your test modules/packages have valid Python names.
Traceback:
/usr/lib/python3.12/importlib/__init__.py:90: in import_module
    return _bootstrap._gcd_import(name[level:], package, level)
           ^^^^^^^^^^^^^^^^^^^^^^^^^^^^^^^^^^^^^^^^^^^^^^^^^^^^
tests/test_configuration_identity.py:1: in <module>
    from ab_harness.configuration import ConfigurationIdentity
src/ab_harness/__init__.py:17: in <module>
    from ab_harness.model_invocation import ModelInvocationAuthority
src/ab_harness/model_invocation.py:13: in <module>
    from ab_harness.prompt_compiler import CompiledPrompt
src/ab_harness/prompt_compiler.py:16: in <module>
    from ab_harness.task_compiler import CompiledTask
src/ab_harness/task_compiler.py:15: in <module>
    from ab_harness.environment_ingress import TaskIngressDecision
src/ab_harness/environment_ingress.py:14: in <module>
    from ab_harness.task_registry import DuplicateEnvironmentIngressError
E   ImportError: cannot import name 'DuplicateEnvironmentIngressError' from 'ab_harness.task_registry' (/tmp/uah-checkpoint02/candidate/src/ab_harness/task_registry.py)
________________ ERROR collecting tests/test_core_contracts.py _________________
ImportError while importing test module '/tmp/uah-checkpoint02/candidate/tests/test_core_contracts.py'.
Hint: make sure your test modules/packages have valid Python names.
Traceback:
/usr/lib/python3.12/importlib/__init__.py:90: in import_module
    return _bootstrap._gcd_import(name[level:], package, level)
           ^^^^^^^^^^^^^^^^^^^^^^^^^^^^^^^^^^^^^^^^^^^^^^^^^^^^
tests/test_core_contracts.py:5: in <module>
    from ab_harness import ABControlBand
src/ab_harness/__init__.py:17: in <module>
    from ab_harness.model_invocation import ModelInvocationAuthority
src/ab_harness/model_invocation.py:13: in <module>
    from ab_harness.prompt_compiler import CompiledPrompt
src/ab_harness/prompt_compiler.py:16: in <module>
    from ab_harness.task_compiler import CompiledTask
src/ab_harness/task_compiler.py:15: in <module>
    from ab_harness.environment_ingress import TaskIngressDecision
src/ab_harness/environment_ingress.py:14: in <module>
    from ab_harness.task_registry import DuplicateEnvironmentIngressError
E   ImportError: cannot import name 'DuplicateEnvironmentIngressError' from 'ab_harness.task_registry' (/tmp/uah-checkpoint02/candidate/src/ab_harness/task_registry.py)
______________ ERROR collecting tests/test_environment_ingress.py ______________
ImportError while importing test module '/tmp/uah-checkpoint02/candidate/tests/test_environment_ingress.py'.
Hint: make sure your test modules/packages have valid Python names.
Traceback:
/usr/lib/python3.12/importlib/__init__.py:90: in import_module
    return _bootstrap._gcd_import(name[level:], package, level)
           ^^^^^^^^^^^^^^^^^^^^^^^^^^^^^^^^^^^^^^^^^^^^^^^^^^^^
tests/test_environment_ingress.py:5: in <module>
    from ab_harness import EnvironmentIngress
src/ab_harness/__init__.py:17: in <module>
    from ab_harness.model_invocation import ModelInvocationAuthority
src/ab_harness/model_invocation.py:13: in <module>
    from ab_harness.prompt_compiler import CompiledPrompt
src/ab_harness/prompt_compiler.py:16: in <module>
    from ab_harness.task_compiler import CompiledTask
src/ab_harness/task_compiler.py:15: in <module>
    from ab_harness.environment_ingress import TaskIngressDecision
src/ab_harness/environment_ingress.py:14: in <module>
    from ab_harness.task_registry import DuplicateEnvironmentIngressError
E   ImportError: cannot import name 'DuplicateEnvironmentIngressError' from 'ab_harness.task_registry' (/tmp/uah-checkpoint02/candidate/src/ab_harness/task_registry.py)
_______________ ERROR collecting tests/test_environment_runs.py ________________
ImportError while importing test module '/tmp/uah-checkpoint02/candidate/tests/test_environment_runs.py'.
Hint: make sure your test modules/packages have valid Python names.
Traceback:
/usr/lib/python3.12/importlib/__init__.py:90: in import_module
    return _bootstrap._gcd_import(name[level:], package, level)
           ^^^^^^^^^^^^^^^^^^^^^^^^^^^^^^^^^^^^^^^^^^^^^^^^^^^^
tests/test_environment_runs.py:5: in <module>
    from ab_harness import EnvironmentRunAttestation
src/ab_harness/__init__.py:17: in <module>
    from ab_harness.model_invocation import ModelInvocationAuthority
src/ab_harness/model_invocation.py:13: in <module>
    from ab_harness.prompt_compiler import CompiledPrompt
src/ab_harness/prompt_compiler.py:16: in <module>
    from ab_harness.task_compiler import CompiledTask
src/ab_harness/task_compiler.py:15: in <module>
    from ab_harness.environment_ingress import TaskIngressDecision
src/ab_harness/environment_ingress.py:14: in <module>
    from ab_harness.task_registry import DuplicateEnvironmentIngressError
E   ImportError: cannot import name 'DuplicateEnvironmentIngressError' from 'ab_harness.task_registry' (/tmp/uah-checkpoint02/candidate/src/ab_harness/task_registry.py)
________________ ERROR collecting tests/test_h0_nao_harness.py _________________
ImportError while importing test module '/tmp/uah-checkpoint02/candidate/tests/test_h0_nao_harness.py'.
Hint: make sure your test modules/packages have valid Python names.
Traceback:
/usr/lib/python3.12/importlib/__init__.py:90: in import_module
    return _bootstrap._gcd_import(name[level:], package, level)
           ^^^^^^^^^^^^^^^^^^^^^^^^^^^^^^^^^^^^^^^^^^^^^^^^^^^^
tests/test_h0_nao_harness.py:5: in <module>
    from ab_harness import AgentOutput
src/ab_harness/__init__.py:17: in <module>
    from ab_harness.model_invocation import ModelInvocationAuthority
src/ab_harness/model_invocation.py:13: in <module>
    from ab_harness.prompt_compiler import CompiledPrompt
src/ab_harness/prompt_compiler.py:16: in <module>
    from ab_harness.task_compiler import CompiledTask
src/ab_harness/task_compiler.py:15: in <module>
    from ab_harness.environment_ingress import TaskIngressDecision
src/ab_harness/environment_ingress.py:14: in <module>
    from ab_harness.task_registry import DuplicateEnvironmentIngressError
E   ImportError: cannot import name 'DuplicateEnvironmentIngressError' from 'ab_harness.task_registry' (/tmp/uah-checkpoint02/candidate/src/ab_harness/task_registry.py)
____________ ERROR collecting tests/test_implementation_bindings.py ____________
ImportError while importing test module '/tmp/uah-checkpoint02/candidate/tests/test_implementation_bindings.py'.
Hint: make sure your test modules/packages have valid Python names.
Traceback:
/usr/lib/python3.12/importlib/__init__.py:90: in import_module
    return _bootstrap._gcd_import(name[level:], package, level)
           ^^^^^^^^^^^^^^^^^^^^^^^^^^^^^^^^^^^^^^^^^^^^^^^^^^^^
tests/test_implementation_bindings.py:5: in <module>
    from ab_harness import ABImplementationBinding
src/ab_harness/__init__.py:17: in <module>
    from ab_harness.model_invocation import ModelInvocationAuthority
src/ab_harness/model_invocation.py:13: in <module>
    from ab_harness.prompt_compiler import CompiledPrompt
src/ab_harness/prompt_compiler.py:16: in <module>
    from ab_harness.task_compiler import CompiledTask
src/ab_harness/task_compiler.py:15: in <module>
    from ab_harness.environment_ingress import TaskIngressDecision
src/ab_harness/environment_ingress.py:14: in <module>
    from ab_harness.task_registry import DuplicateEnvironmentIngressError
E   ImportError: cannot import name 'DuplicateEnvironmentIngressError' from 'ab_harness.task_registry' (/tmp/uah-checkpoint02/candidate/src/ab_harness/task_registry.py)
_______________ ERROR collecting tests/test_lifecycle_ledger.py ________________
ImportError while importing test module '/tmp/uah-checkpoint02/candidate/tests/test_lifecycle_ledger.py'.
Hint: make sure your test modules/packages have valid Python names.
Traceback:
/usr/lib/python3.12/importlib/__init__.py:90: in import_module
    return _bootstrap._gcd_import(name[level:], package, level)
           ^^^^^^^^^^^^^^^^^^^^^^^^^^^^^^^^^^^^^^^^^^^^^^^^^^^^
tests/test_lifecycle_ledger.py:10: in <module>
    from ab_harness.observatory import project_observatory
src/ab_harness/__init__.py:17: in <module>
    from ab_harness.model_invocation import ModelInvocationAuthority
src/ab_harness/model_invocation.py:13: in <module>
    from ab_harness.prompt_compiler import CompiledPrompt
src/ab_harness/prompt_compiler.py:16: in <module>
    from ab_harness.task_compiler import CompiledTask
src/ab_harness/task_compiler.py:15: in <module>
    from ab_harness.environment_ingress import TaskIngressDecision
src/ab_harness/environment_ingress.py:14: in <module>
    from ab_harness.task_registry import DuplicateEnvironmentIngressError
E   ImportError: cannot import name 'DuplicateEnvironmentIngressError' from 'ab_harness.task_registry' (/tmp/uah-checkpoint02/candidate/src/ab_harness/task_registry.py)
_______________ ERROR collecting tests/test_model_invocation.py ________________
ImportError while importing test module '/tmp/uah-checkpoint02/candidate/tests/test_model_invocation.py'.
Hint: make sure your test modules/packages have valid Python names.
Traceback:
/usr/lib/python3.12/importlib/__init__.py:90: in import_module
    return _bootstrap._gcd_import(name[level:], package, level)
           ^^^^^^^^^^^^^^^^^^^^^^^^^^^^^^^^^^^^^^^^^^^^^^^^^^^^
tests/test_model_invocation.py:7: in <module>
    from ab_harness.model_invocation import (
src/ab_harness/__init__.py:17: in <module>
    from ab_harness.model_invocation import ModelInvocationAuthority
src/ab_harness/model_invocation.py:13: in <module>
    from ab_harness.prompt_compiler import CompiledPrompt
src/ab_harness/prompt_compiler.py:16: in <module>
    from ab_harness.task_compiler import CompiledTask
src/ab_harness/task_compiler.py:15: in <module>
    from ab_harness.environment_ingress import TaskIngressDecision
src/ab_harness/environment_ingress.py:14: in <module>
    from ab_harness.task_registry import DuplicateEnvironmentIngressError
E   ImportError: cannot import name 'DuplicateEnvironmentIngressError' from 'ab_harness.task_registry' (/tmp/uah-checkpoint02/candidate/src/ab_harness/task_registry.py)
__________________ ERROR collecting tests/test_observatory.py __________________
ImportError while importing test module '/tmp/uah-checkpoint02/candidate/tests/test_observatory.py'.
Hint: make sure your test modules/packages have valid Python names.
Traceback:
/usr/lib/python3.12/importlib/__init__.py:90: in import_module
    return _bootstrap._gcd_import(name[level:], package, level)
           ^^^^^^^^^^^^^^^^^^^^^^^^^^^^^^^^^^^^^^^^^^^^^^^^^^^^
tests/test_observatory.py:6: in <module>
    from scripts.render_observatory_example import OUTPUT
scripts/render_observatory_example.py:9: in <module>
    from ab_harness.observatory import render_observatory
src/ab_harness/__init__.py:17: in <module>
    from ab_harness.model_invocation import ModelInvocationAuthority
src/ab_harness/model_invocation.py:13: in <module>
    from ab_harness.prompt_compiler import CompiledPrompt
src/ab_harness/prompt_compiler.py:16: in <module>
    from ab_harness.task_compiler import CompiledTask
src/ab_harness/task_compiler.py:15: in <module>
    from ab_harness.environment_ingress import TaskIngressDecision
src/ab_harness/environment_ingress.py:14: in <module>
    from ab_harness.task_registry import DuplicateEnvironmentIngressError
E   ImportError: cannot import name 'DuplicateEnvironmentIngressError' from 'ab_harness.task_registry' (/tmp/uah-checkpoint02/candidate/src/ab_harness/task_registry.py)
______________ ERROR collecting tests/test_observatory_format.py _______________
ImportError while importing test module '/tmp/uah-checkpoint02/candidate/tests/test_observatory_format.py'.
Hint: make sure your test modules/packages have valid Python names.
Traceback:
/usr/lib/python3.12/importlib/__init__.py:90: in import_module
    return _bootstrap._gcd_import(name[level:], package, level)
           ^^^^^^^^^^^^^^^^^^^^^^^^^^^^^^^^^^^^^^^^^^^^^^^^^^^^
tests/test_observatory_format.py:6: in <module>
    from ab_harness.observatory import render_observatory
src/ab_harness/__init__.py:17: in <module>
    from ab_harness.model_invocation import ModelInvocationAuthority
src/ab_harness/model_invocation.py:13: in <module>
    from ab_harness.prompt_compiler import CompiledPrompt
src/ab_harness/prompt_compiler.py:16: in <module>
    from ab_harness.task_compiler import CompiledTask
src/ab_harness/task_compiler.py:15: in <module>
    from ab_harness.environment_ingress import TaskIngressDecision
src/ab_harness/environment_ingress.py:14: in <module>
    from ab_harness.task_registry import DuplicateEnvironmentIngressError
E   ImportError: cannot import name 'DuplicateEnvironmentIngressError' from 'ab_harness.task_registry' (/tmp/uah-checkpoint02/candidate/src/ab_harness/task_registry.py)
___________ ERROR collecting tests/test_observatory_raw_identity.py ____________
ImportError while importing test module '/tmp/uah-checkpoint02/candidate/tests/test_observatory_raw_identity.py'.
Hint: make sure your test modules/packages have valid Python names.
Traceback:
/usr/lib/python3.12/importlib/__init__.py:90: in import_module
    return _bootstrap._gcd_import(name[level:], package, level)
           ^^^^^^^^^^^^^^^^^^^^^^^^^^^^^^^^^^^^^^^^^^^^^^^^^^^^
tests/test_observatory_raw_identity.py:4: in <module>
    from ab_harness.observatory import (
src/ab_harness/__init__.py:17: in <module>
    from ab_harness.model_invocation import ModelInvocationAuthority
src/ab_harness/model_invocation.py:13: in <module>
    from ab_harness.prompt_compiler import CompiledPrompt
src/ab_harness/prompt_compiler.py:16: in <module>
    from ab_harness.task_compiler import CompiledTask
src/ab_harness/task_compiler.py:15: in <module>
    from ab_harness.environment_ingress import TaskIngressDecision
src/ab_harness/environment_ingress.py:14: in <module>
    from ab_harness.task_registry import DuplicateEnvironmentIngressError
E   ImportError: cannot import name 'DuplicateEnvironmentIngressError' from 'ab_harness.task_registry' (/tmp/uah-checkpoint02/candidate/src/ab_harness/task_registry.py)
________________ ERROR collecting tests/test_prompt_compiler.py ________________
ImportError while importing test module '/tmp/uah-checkpoint02/candidate/tests/test_prompt_compiler.py'.
Hint: make sure your test modules/packages have valid Python names.
Traceback:
/usr/lib/python3.12/importlib/__init__.py:90: in import_module
    return _bootstrap._gcd_import(name[level:], package, level)
           ^^^^^^^^^^^^^^^^^^^^^^^^^^^^^^^^^^^^^^^^^^^^^^^^^^^^
tests/test_prompt_compiler.py:21: in <module>
    from ab_harness.environment_ingress import EnvironmentIngress
src/ab_harness/__init__.py:17: in <module>
    from ab_harness.model_invocation import ModelInvocationAuthority
src/ab_harness/model_invocation.py:13: in <module>
    from ab_harness.prompt_compiler import CompiledPrompt
src/ab_harness/prompt_compiler.py:16: in <module>
    from ab_harness.task_compiler import CompiledTask
src/ab_harness/task_compiler.py:15: in <module>
    from ab_harness.environment_ingress import TaskIngressDecision
src/ab_harness/environment_ingress.py:14: in <module>
    from ab_harness.task_registry import DuplicateEnvironmentIngressError
E   ImportError: cannot import name 'DuplicateEnvironmentIngressError' from 'ab_harness.task_registry' (/tmp/uah-checkpoint02/candidate/src/ab_harness/task_registry.py)
__________ ERROR collecting tests/test_recorded_nao_qualification.py ___________
ImportError while importing test module '/tmp/uah-checkpoint02/candidate/tests/test_recorded_nao_qualification.py'.
Hint: make sure your test modules/packages have valid Python names.
Traceback:
/usr/lib/python3.12/importlib/__init__.py:90: in import_module
    return _bootstrap._gcd_import(name[level:], package, level)
           ^^^^^^^^^^^^^^^^^^^^^^^^^^^^^^^^^^^^^^^^^^^^^^^^^^^^
tests/test_recorded_nao_qualification.py:3: in <module>
    from ab_harness import ABImplementationBinding
src/ab_harness/__init__.py:17: in <module>
    from ab_harness.model_invocation import ModelInvocationAuthority
src/ab_harness/model_invocation.py:13: in <module>
    from ab_harness.prompt_compiler import CompiledPrompt
src/ab_harness/prompt_compiler.py:16: in <module>
    from ab_harness.task_compiler import CompiledTask
src/ab_harness/task_compiler.py:15: in <module>
    from ab_harness.environment_ingress import TaskIngressDecision
src/ab_harness/environment_ingress.py:14: in <module>
    from ab_harness.task_registry import DuplicateEnvironmentIngressError
E   ImportError: cannot import name 'DuplicateEnvironmentIngressError' from 'ab_harness.task_registry' (/tmp/uah-checkpoint02/candidate/src/ab_harness/task_registry.py)
________________ ERROR collecting tests/test_task_acceptance.py ________________
ImportError while importing test module '/tmp/uah-checkpoint02/candidate/tests/test_task_acceptance.py'.
Hint: make sure your test modules/packages have valid Python names.
Traceback:
/usr/lib/python3.12/importlib/__init__.py:90: in import_module
    return _bootstrap._gcd_import(name[level:], package, level)
           ^^^^^^^^^^^^^^^^^^^^^^^^^^^^^^^^^^^^^^^^^^^^^^^^^^^^
tests/test_task_acceptance.py:3: in <module>
    from ab_harness import EffectEvidence
src/ab_harness/__init__.py:17: in <module>
    from ab_harness.model_invocation import ModelInvocationAuthority
src/ab_harness/model_invocation.py:13: in <module>
    from ab_harness.prompt_compiler import CompiledPrompt
src/ab_harness/prompt_compiler.py:16: in <module>
    from ab_harness.task_compiler import CompiledTask
src/ab_harness/task_compiler.py:15: in <module>
    from ab_harness.environment_ingress import TaskIngressDecision
src/ab_harness/environment_ingress.py:14: in <module>
    from ab_harness.task_registry import DuplicateEnvironmentIngressError
E   ImportError: cannot import name 'DuplicateEnvironmentIngressError' from 'ab_harness.task_registry' (/tmp/uah-checkpoint02/candidate/src/ab_harness/task_registry.py)
_________________ ERROR collecting tests/test_task_compiler.py _________________
ImportError while importing test module '/tmp/uah-checkpoint02/candidate/tests/test_task_compiler.py'.
Hint: make sure your test modules/packages have valid Python names.
Traceback:
/usr/lib/python3.12/importlib/__init__.py:90: in import_module
    return _bootstrap._gcd_import(name[level:], package, level)
           ^^^^^^^^^^^^^^^^^^^^^^^^^^^^^^^^^^^^^^^^^^^^^^^^^^^^
tests/test_task_compiler.py:5: in <module>
    from ab_harness import ABControlBand
src/ab_harness/__init__.py:17: in <module>
    from ab_harness.model_invocation import ModelInvocationAuthority
src/ab_harness/model_invocation.py:13: in <module>
    from ab_harness.prompt_compiler import CompiledPrompt
src/ab_harness/prompt_compiler.py:16: in <module>
    from ab_harness.task_compiler import CompiledTask
src/ab_harness/task_compiler.py:15: in <module>
    from ab_harness.environment_ingress import TaskIngressDecision
src/ab_harness/environment_ingress.py:14: in <module>
    from ab_harness.task_registry import DuplicateEnvironmentIngressError
E   ImportError: cannot import name 'DuplicateEnvironmentIngressError' from 'ab_harness.task_registry' (/tmp/uah-checkpoint02/candidate/src/ab_harness/task_registry.py)
______________ ERROR collecting tests/test_two_stage_admission.py ______________
ImportError while importing test module '/tmp/uah-checkpoint02/candidate/tests/test_two_stage_admission.py'.
Hint: make sure your test modules/packages have valid Python names.
Traceback:
/usr/lib/python3.12/importlib/__init__.py:90: in import_module
    return _bootstrap._gcd_import(name[level:], package, level)
           ^^^^^^^^^^^^^^^^^^^^^^^^^^^^^^^^^^^^^^^^^^^^^^^^^^^^
tests/test_two_stage_admission.py:8: in <module>
    from ab_harness import ABControlBand
src/ab_harness/__init__.py:17: in <module>
    from ab_harness.model_invocation import ModelInvocationAuthority
src/ab_harness/model_invocation.py:13: in <module>
    from ab_harness.prompt_compiler import CompiledPrompt
src/ab_harness/prompt_compiler.py:16: in <module>
    from ab_harness.task_compiler import CompiledTask
src/ab_harness/task_compiler.py:15: in <module>
    from ab_harness.environment_ingress import TaskIngressDecision
src/ab_harness/environment_ingress.py:14: in <module>
    from ab_harness.task_registry import DuplicateEnvironmentIngressError
E   ImportError: cannot import name 'DuplicateEnvironmentIngressError' from 'ab_harness.task_registry' (/tmp/uah-checkpoint02/candidate/src/ab_harness/task_registry.py)
_______________ ERROR collecting tests/test_workbench_memory.py ________________
ImportError while importing test module '/tmp/uah-checkpoint02/candidate/tests/test_workbench_memory.py'.
Hint: make sure your test modules/packages have valid Python names.
Traceback:
/usr/lib/python3.12/importlib/__init__.py:90: in import_module
    return _bootstrap._gcd_import(name[level:], package, level)
           ^^^^^^^^^^^^^^^^^^^^^^^^^^^^^^^^^^^^^^^^^^^^^^^^^^^^
tests/test_workbench_memory.py:3: in <module>
    from ab_harness.workbench import TraceExperience
src/ab_harness/__init__.py:17: in <module>
    from ab_harness.model_invocation import ModelInvocationAuthority
src/ab_harness/model_invocation.py:13: in <module>
    from ab_harness.prompt_compiler import CompiledPrompt
src/ab_harness/prompt_compiler.py:16: in <module>
    from ab_harness.task_compiler import CompiledTask
src/ab_harness/task_compiler.py:15: in <module>
    from ab_harness.environment_ingress import TaskIngressDecision
src/ab_harness/environment_ingress.py:14: in <module>
    from ab_harness.task_registry import DuplicateEnvironmentIngressError
E   ImportError: cannot import name 'DuplicateEnvironmentIngressError' from 'ab_harness.task_registry' (/tmp/uah-checkpoint02/candidate/src/ab_harness/task_registry.py)
______________ ERROR collecting tests/test_workbench_protocol.py _______________
ImportError while importing test module '/tmp/uah-checkpoint02/candidate/tests/test_workbench_protocol.py'.
Hint: make sure your test modules/packages have valid Python names.
Traceback:
/usr/lib/python3.12/importlib/__init__.py:90: in import_module
    return _bootstrap._gcd_import(name[level:], package, level)
           ^^^^^^^^^^^^^^^^^^^^^^^^^^^^^^^^^^^^^^^^^^^^^^^^^^^^
tests/test_workbench_protocol.py:5: in <module>
    from ab_harness.workbench_protocol import CURRENT_WORKBENCH_PROTOCOL
src/ab_harness/__init__.py:17: in <module>
    from ab_harness.model_invocation import ModelInvocationAuthority
src/ab_harness/model_invocation.py:13: in <module>
    from ab_harness.prompt_compiler import CompiledPrompt
src/ab_harness/prompt_compiler.py:16: in <module>
    from ab_harness.task_compiler import CompiledTask
src/ab_harness/task_compiler.py:15: in <module>
    from ab_harness.environment_ingress import TaskIngressDecision
src/ab_harness/environment_ingress.py:14: in <module>
    from ab_harness.task_registry import DuplicateEnvironmentIngressError
E   ImportError: cannot import name 'DuplicateEnvironmentIngressError' from 'ab_harness.task_registry' (/tmp/uah-checkpoint02/candidate/src/ab_harness/task_registry.py)
=========================== short test summary info ============================
ERROR tests/test_agent_configuration.py
ERROR tests/test_agent_runtime_example.py
ERROR tests/test_argument_schema_validation.py
ERROR tests/test_cli_smoke.py
ERROR tests/test_configuration_identity.py
ERROR tests/test_core_contracts.py
ERROR tests/test_environment_ingress.py
ERROR tests/test_environment_runs.py
ERROR tests/test_h0_nao_harness.py
ERROR tests/test_implementation_bindings.py
ERROR tests/test_lifecycle_ledger.py
ERROR tests/test_model_invocation.py
ERROR tests/test_observatory.py
ERROR tests/test_observatory_format.py
ERROR tests/test_observatory_raw_identity.py
ERROR tests/test_prompt_compiler.py
ERROR tests/test_recorded_nao_qualification.py
ERROR tests/test_task_acceptance.py
ERROR tests/test_task_compiler.py
ERROR tests/test_two_stage_admission.py
ERROR tests/test_workbench_memory.py
ERROR tests/test_workbench_protocol.py
!!!!!!!!!!!!!!!!!!! Interrupted: 22 errors during collection !!!!!!!!!!!!!!!!!!!
22 errors in 0.83s
