
==================================== ERRORS ====================================
__________________ ERROR collecting tests/test_observatory.py __________________
ImportError while importing test module '/tmp/uah-checkpoint02/candidate/tests/test_observatory.py'.
Hint: make sure your test modules/packages have valid Python names.
Traceback:
/usr/lib/python3.12/importlib/__init__.py:90: in import_module
    return _bootstrap._gcd_import(name[level:], package, level)
           ^^^^^^^^^^^^^^^^^^^^^^^^^^^^^^^^^^^^^^^^^^^^^^^^^^^^
tests/test_observatory.py:6: in <module>
    from scripts.render_observatory_example import OUTPUT
scripts/render_observatory_example.py:10: in <module>
    from ab_harness_nao.smoke import record_smoke_run
E   ImportError: cannot import name 'record_smoke_run' from 'ab_harness_nao.smoke' (/tmp/uah-checkpoint02/candidate/src/ab_harness_nao/smoke.py)
______________ ERROR collecting tests/test_observatory_format.py _______________
ImportError while importing test module '/tmp/uah-checkpoint02/candidate/tests/test_observatory_format.py'.
Hint: make sure your test modules/packages have valid Python names.
Traceback:
/usr/lib/python3.12/importlib/__init__.py:90: in import_module
    return _bootstrap._gcd_import(name[level:], package, level)
           ^^^^^^^^^^^^^^^^^^^^^^^^^^^^^^^^^^^^^^^^^^^^^^^^^^^^
tests/test_observatory_format.py:7: in <module>
    from tests.test_observatory import _event
tests/test_observatory.py:6: in <module>
    from scripts.render_observatory_example import OUTPUT
scripts/render_observatory_example.py:10: in <module>
    from ab_harness_nao.smoke import record_smoke_run
E   ImportError: cannot import name 'record_smoke_run' from 'ab_harness_nao.smoke' (/tmp/uah-checkpoint02/candidate/src/ab_harness_nao/smoke.py)
=========================== short test summary info ============================
ERROR tests/test_observatory.py
ERROR tests/test_observatory_format.py
!!!!!!!!!!!!!!!!!!! Interrupted: 2 errors during collection !!!!!!!!!!!!!!!!!!!!
2 errors in 0.26s
